// Jest Snapshot v1, https://goo.gl/fbAQLP

exports[`components/RouterLink renders properly 1`] = `
<BrowserRouter>
  <RouterLink
    to="/"
  />
</BrowserRouter>
`;
