// Jest Snapshot v1, https://goo.gl/fbAQLP

exports[`UnauthorizedError is instantiated successfully 1`] = `[Error: An error has occurred]`;
