// Jest Snapshot v1, https://goo.gl/fbAQLP

exports[`SidebarLinkItem renders properly 1`] = `
Object {
  "asFragment": [Function],
  "baseElement": <body>
    <div
      id="chakra-toast-portal"
    >
      <ul
        id="chakra-toast-manager-top"
        style="position: fixed; z-index: 5500; pointer-events: none; display: flex; flex-direction: column; margin: 0px auto;"
      />
      <ul
        id="chakra-toast-manager-top-left"
        style="position: fixed; z-index: 5500; pointer-events: none; display: flex; flex-direction: column;"
      />
      <ul
        id="chakra-toast-manager-top-right"
        style="position: fixed; z-index: 5500; pointer-events: none; display: flex; flex-direction: column;"
      />
      <ul
        id="chakra-toast-manager-bottom-left"
        style="position: fixed; z-index: 5500; pointer-events: none; display: flex; flex-direction: column;"
      />
      <ul
        id="chakra-toast-manager-bottom"
        style="position: fixed; z-index: 5500; pointer-events: none; display: flex; flex-direction: column; margin: 0px auto;"
      />
      <ul
        id="chakra-toast-manager-bottom-right"
        style="position: fixed; z-index: 5500; pointer-events: none; display: flex; flex-direction: column;"
      />
    </div>
    <div>
      <div
        class="css-ltylk8"
      >
        <div
          class="css-1bxj9j3"
        >
          <p
            class="chakra-text css-1gfp23t"
          >
            Logo
          </p>
          <button
            aria-label="Close"
            class="css-33zxup"
            data-testid="closeButton"
            type="button"
          >
            <svg
              aria-hidden="true"
              class="chakra-icon css-onkibi"
              focusable="false"
              viewBox="0 0 24 24"
            >
              <path
                d="M.439,21.44a1.5,1.5,0,0,0,2.122,2.121L11.823,14.3a.25.25,0,0,1,.354,0l9.262,9.263a1.5,1.5,0,1,0,2.122-2.121L14.3,12.177a.25.25,0,0,1,0-.354l9.263-9.262A1.5,1.5,0,0,0,21.439.44L12.177,9.7a.25.25,0,0,1-.354,0L2.561.44A1.5,1.5,0,0,0,.439,2.561L9.7,11.823a.25.25,0,0,1,0,.354Z"
                fill="currentColor"
              />
            </svg>
          </button>
        </div>
        <a
          class="chakra-link css-jgup0q"
          href="/"
          style="text-decoration: none;"
        >
          <div
            class="css-cpuzs9"
            role="group"
          >
            <svg
              class="chakra-icon css-1b1fm3x"
              data-testid="sidebarNavIcon"
              fill="none"
              focusable="false"
              height="1em"
              stroke="currentColor"
              stroke-linecap="round"
              stroke-linejoin="round"
              stroke-width="2"
              viewBox="0 0 24 24"
              width="1em"
              xmlns="http://www.w3.org/2000/svg"
            >
              <path
                d="M3 9l9-7 9 7v11a2 2 0 0 1-2 2H5a2 2 0 0 1-2-2z"
              />
              <polyline
                points="9 22 9 12 15 12 15 22"
              />
            </svg>
            Home
          </div>
        </a>
        <a
          class="chakra-link css-jgup0q"
          href="/"
          style="text-decoration: none;"
        >
          <div
            class="css-cpuzs9"
            role="group"
          >
            <svg
              class="chakra-icon css-1b1fm3x"
              data-testid="sidebarNavIcon"
              fill="none"
              focusable="false"
              height="1em"
              stroke="currentColor"
              stroke-linecap="round"
              stroke-linejoin="round"
              stroke-width="2"
              viewBox="0 0 24 24"
              width="1em"
              xmlns="http://www.w3.org/2000/svg"
            >
              <polyline
                points="23 6 13.5 15.5 8.5 10.5 1 18"
              />
              <polyline
                points="17 6 23 6 23 12"
              />
            </svg>
            Trending
          </div>
        </a>
        <a
          class="chakra-link css-jgup0q"
          href="/"
          style="text-decoration: none;"
        >
          <div
            class="css-cpuzs9"
            role="group"
          >
            <svg
              class="chakra-icon css-1b1fm3x"
              data-testid="sidebarNavIcon"
              fill="none"
              focusable="false"
              height="1em"
              stroke="currentColor"
              stroke-linecap="round"
              stroke-linejoin="round"
              stroke-width="2"
              viewBox="0 0 24 24"
              width="1em"
              xmlns="http://www.w3.org/2000/svg"
            >
              <circle
                cx="12"
                cy="12"
                r="10"
              />
              <polygon
                points="16.24 7.76 14.12 14.12 7.76 16.24 9.88 9.88 16.24 7.76"
              />
            </svg>
            Explore
          </div>
        </a>
        <a
          class="chakra-link css-jgup0q"
          href="/"
          style="text-decoration: none;"
        >
          <div
            class="css-cpuzs9"
            role="group"
          >
            <svg
              class="chakra-icon css-1b1fm3x"
              data-testid="sidebarNavIcon"
              fill="none"
              focusable="false"
              height="1em"
              stroke="currentColor"
              stroke-linecap="round"
              stroke-linejoin="round"
              stroke-width="2"
              viewBox="0 0 24 24"
              width="1em"
              xmlns="http://www.w3.org/2000/svg"
            >
              <polygon
                points="12 2 15.09 8.26 22 9.27 17 14.14 18.18 21.02 12 17.77 5.82 21.02 7 14.14 2 9.27 8.91 8.26 12 2"
              />
            </svg>
            Favourites
          </div>
        </a>
        <a
          class="chakra-link css-jgup0q"
          href="/"
          style="text-decoration: none;"
        >
          <div
            class="css-cpuzs9"
            role="group"
          >
            <svg
              class="chakra-icon css-1b1fm3x"
              data-testid="sidebarNavIcon"
              fill="none"
              focusable="false"
              height="1em"
              stroke="currentColor"
              stroke-linecap="round"
              stroke-linejoin="round"
              stroke-width="2"
              viewBox="0 0 24 24"
              width="1em"
              xmlns="http://www.w3.org/2000/svg"
            >
              <circle
                cx="12"
                cy="12"
                r="3"
              />
              <path
                d="M19.4 15a1.65 1.65 0 0 0 .33 1.82l.06.06a2 2 0 0 1 0 2.83 2 2 0 0 1-2.83 0l-.06-.06a1.65 1.65 0 0 0-1.82-.33 1.65 1.65 0 0 0-1 1.51V21a2 2 0 0 1-2 2 2 2 0 0 1-2-2v-.09A1.65 1.65 0 0 0 9 19.4a1.65 1.65 0 0 0-1.82.33l-.06.06a2 2 0 0 1-2.83 0 2 2 0 0 1 0-2.83l.06-.06a1.65 1.65 0 0 0 .33-1.82 1.65 1.65 0 0 0-1.51-1H3a2 2 0 0 1-2-2 2 2 0 0 1 2-2h.09A1.65 1.65 0 0 0 4.6 9a1.65 1.65 0 0 0-.33-1.82l-.06-.06a2 2 0 0 1 0-2.83 2 2 0 0 1 2.83 0l.06.06a1.65 1.65 0 0 0 1.82.33H9a1.65 1.65 0 0 0 1-1.51V3a2 2 0 0 1 2-2 2 2 0 0 1 2 2v.09a1.65 1.65 0 0 0 1 1.51 1.65 1.65 0 0 0 1.82-.33l.06-.06a2 2 0 0 1 2.83 0 2 2 0 0 1 0 2.83l-.06.06a1.65 1.65 0 0 0-.33 1.82V9a1.65 1.65 0 0 0 1.51 1H21a2 2 0 0 1 2 2 2 2 0 0 1-2 2h-.09a1.65 1.65 0 0 0-1.51 1z"
              />
            </svg>
            Settings
          </div>
        </a>
      </div>
    </div>
  </body>,
  "container": <div>
    <div
      class="css-ltylk8"
    >
      <div
        class="css-1bxj9j3"
      >
        <p
          class="chakra-text css-1gfp23t"
        >
          Logo
        </p>
        <button
          aria-label="Close"
          class="css-33zxup"
          data-testid="closeButton"
          type="button"
        >
          <svg
            aria-hidden="true"
            class="chakra-icon css-onkibi"
            focusable="false"
            viewBox="0 0 24 24"
          >
            <path
              d="M.439,21.44a1.5,1.5,0,0,0,2.122,2.121L11.823,14.3a.25.25,0,0,1,.354,0l9.262,9.263a1.5,1.5,0,1,0,2.122-2.121L14.3,12.177a.25.25,0,0,1,0-.354l9.263-9.262A1.5,1.5,0,0,0,21.439.44L12.177,9.7a.25.25,0,0,1-.354,0L2.561.44A1.5,1.5,0,0,0,.439,2.561L9.7,11.823a.25.25,0,0,1,0,.354Z"
              fill="currentColor"
            />
          </svg>
        </button>
      </div>
      <a
        class="chakra-link css-jgup0q"
        href="/"
        style="text-decoration: none;"
      >
        <div
          class="css-cpuzs9"
          role="group"
        >
          <svg
            class="chakra-icon css-1b1fm3x"
            data-testid="sidebarNavIcon"
            fill="none"
            focusable="false"
            height="1em"
            stroke="currentColor"
            stroke-linecap="round"
            stroke-linejoin="round"
            stroke-width="2"
            viewBox="0 0 24 24"
            width="1em"
            xmlns="http://www.w3.org/2000/svg"
          >
            <path
              d="M3 9l9-7 9 7v11a2 2 0 0 1-2 2H5a2 2 0 0 1-2-2z"
            />
            <polyline
              points="9 22 9 12 15 12 15 22"
            />
          </svg>
          Home
        </div>
      </a>
      <a
        class="chakra-link css-jgup0q"
        href="/"
        style="text-decoration: none;"
      >
        <div
          class="css-cpuzs9"
          role="group"
        >
          <svg
            class="chakra-icon css-1b1fm3x"
            data-testid="sidebarNavIcon"
            fill="none"
            focusable="false"
            height="1em"
            stroke="currentColor"
            stroke-linecap="round"
            stroke-linejoin="round"
            stroke-width="2"
            viewBox="0 0 24 24"
            width="1em"
            xmlns="http://www.w3.org/2000/svg"
          >
            <polyline
              points="23 6 13.5 15.5 8.5 10.5 1 18"
            />
            <polyline
              points="17 6 23 6 23 12"
            />
          </svg>
          Trending
        </div>
      </a>
      <a
        class="chakra-link css-jgup0q"
        href="/"
        style="text-decoration: none;"
      >
        <div
          class="css-cpuzs9"
          role="group"
        >
          <svg
            class="chakra-icon css-1b1fm3x"
            data-testid="sidebarNavIcon"
            fill="none"
            focusable="false"
            height="1em"
            stroke="currentColor"
            stroke-linecap="round"
            stroke-linejoin="round"
            stroke-width="2"
            viewBox="0 0 24 24"
            width="1em"
            xmlns="http://www.w3.org/2000/svg"
          >
            <circle
              cx="12"
              cy="12"
              r="10"
            />
            <polygon
              points="16.24 7.76 14.12 14.12 7.76 16.24 9.88 9.88 16.24 7.76"
            />
          </svg>
          Explore
        </div>
      </a>
      <a
        class="chakra-link css-jgup0q"
        href="/"
        style="text-decoration: none;"
      >
        <div
          class="css-cpuzs9"
          role="group"
        >
          <svg
            class="chakra-icon css-1b1fm3x"
            data-testid="sidebarNavIcon"
            fill="none"
            focusable="false"
            height="1em"
            stroke="currentColor"
            stroke-linecap="round"
            stroke-linejoin="round"
            stroke-width="2"
            viewBox="0 0 24 24"
            width="1em"
            xmlns="http://www.w3.org/2000/svg"
          >
            <polygon
              points="12 2 15.09 8.26 22 9.27 17 14.14 18.18 21.02 12 17.77 5.82 21.02 7 14.14 2 9.27 8.91 8.26 12 2"
            />
          </svg>
          Favourites
        </div>
      </a>
      <a
        class="chakra-link css-jgup0q"
        href="/"
        style="text-decoration: none;"
      >
        <div
          class="css-cpuzs9"
          role="group"
        >
          <svg
            class="chakra-icon css-1b1fm3x"
            data-testid="sidebarNavIcon"
            fill="none"
            focusable="false"
            height="1em"
            stroke="currentColor"
            stroke-linecap="round"
            stroke-linejoin="round"
            stroke-width="2"
            viewBox="0 0 24 24"
            width="1em"
            xmlns="http://www.w3.org/2000/svg"
          >
            <circle
              cx="12"
              cy="12"
              r="3"
            />
            <path
              d="M19.4 15a1.65 1.65 0 0 0 .33 1.82l.06.06a2 2 0 0 1 0 2.83 2 2 0 0 1-2.83 0l-.06-.06a1.65 1.65 0 0 0-1.82-.33 1.65 1.65 0 0 0-1 1.51V21a2 2 0 0 1-2 2 2 2 0 0 1-2-2v-.09A1.65 1.65 0 0 0 9 19.4a1.65 1.65 0 0 0-1.82.33l-.06.06a2 2 0 0 1-2.83 0 2 2 0 0 1 0-2.83l.06-.06a1.65 1.65 0 0 0 .33-1.82 1.65 1.65 0 0 0-1.51-1H3a2 2 0 0 1-2-2 2 2 0 0 1 2-2h.09A1.65 1.65 0 0 0 4.6 9a1.65 1.65 0 0 0-.33-1.82l-.06-.06a2 2 0 0 1 0-2.83 2 2 0 0 1 2.83 0l.06.06a1.65 1.65 0 0 0 1.82.33H9a1.65 1.65 0 0 0 1-1.51V3a2 2 0 0 1 2-2 2 2 0 0 1 2 2v.09a1.65 1.65 0 0 0 1 1.51 1.65 1.65 0 0 0 1.82-.33l.06-.06a2 2 0 0 1 2.83 0 2 2 0 0 1 0 2.83l-.06.06a1.65 1.65 0 0 0-.33 1.82V9a1.65 1.65 0 0 0 1.51 1H21a2 2 0 0 1 2 2 2 2 0 0 1-2 2h-.09a1.65 1.65 0 0 0-1.51 1z"
            />
          </svg>
          Settings
        </div>
      </a>
    </div>
  </div>,
  "debug": [Function],
  "findAllByAltText": [Function],
  "findAllByDisplayValue": [Function],
  "findAllByLabelText": [Function],
  "findAllByPlaceholderText": [Function],
  "findAllByRole": [Function],
  "findAllByTestId": [Function],
  "findAllByText": [Function],
  "findAllByTitle": [Function],
  "findByAltText": [Function],
  "findByDisplayValue": [Function],
  "findByLabelText": [Function],
  "findByPlaceholderText": [Function],
  "findByRole": [Function],
  "findByTestId": [Function],
  "findByText": [Function],
  "findByTitle": [Function],
  "getAllByAltText": [Function],
  "getAllByDisplayValue": [Function],
  "getAllByLabelText": [Function],
  "getAllByPlaceholderText": [Function],
  "getAllByRole": [Function],
  "getAllByTestId": [Function],
  "getAllByText": [Function],
  "getAllByTitle": [Function],
  "getByAltText": [Function],
  "getByDisplayValue": [Function],
  "getByLabelText": [Function],
  "getByPlaceholderText": [Function],
  "getByRole": [Function],
  "getByTestId": [Function],
  "getByText": [Function],
  "getByTitle": [Function],
  "queryAllByAltText": [Function],
  "queryAllByDisplayValue": [Function],
  "queryAllByLabelText": [Function],
  "queryAllByPlaceholderText": [Function],
  "queryAllByRole": [Function],
  "queryAllByTestId": [Function],
  "queryAllByText": [Function],
  "queryAllByTitle": [Function],
  "queryByAltText": [Function],
  "queryByDisplayValue": [Function],
  "queryByLabelText": [Function],
  "queryByPlaceholderText": [Function],
  "queryByRole": [Function],
  "queryByTestId": [Function],
  "queryByText": [Function],
  "queryByTitle": [Function],
  "rerender": [Function],
  "unmount": [Function],
}
`;
